// Jest Snapshot v1, https://goo.gl/fbAQLP

exports[`antd dist files exports modules correctly 1`] = `
[
  "Actions",
  "Attachments",
  "Bubble",
  "Conversations",
  "Prompts",
  "Sender",
  "Suggestion",
  "ThoughtChain",
  "Welcome",
  "XProvider",
  "XRequest",
  "XStream",
  "useXAgent",
  "useXChat",
  "version",
]
`;
